Malicious destination IP: 185.199.110.133
Malicious source IP: 185.199.110.133
Malicious destination IP: 76.76.21.93
Malicious source IP: 76.76.21.93
Malicious destination IP: 76.76.21.93
Malicious destination IP: 76.76.21.93
Malicious source IP: 76.76.21.93
Malicious source IP: 76.76.21.93
Malicious source IP: 76.76.21.93
Malicious source IP: 76.76.21.93
Malicious destination IP: 76.76.21.93
Malicious destination IP: 76.76.21.93
Malicious source IP: 76.76.21.93
Malicious source IP: 76.76.21.93
Malicious source IP: 76.76.21.93
Malicious source IP: 76.76.21.93
Malicious source IP: 76.76.21.93
Malicious destination IP: 76.76.21.93
Malicious destination IP: 76.76.21.93
Malicious source IP: 76.76.21.93
Malicious destination IP: 76.76.21.93
Malicious source IP: 76.76.21.93
Malicious destination IP: 76.76.21.93
Malicious source IP: 76.76.21.93
Malicious destination IP: 185.199.109.133
Malicious source IP: 185.199.109.133
Malicious source IP: 185.199.110.133
Malicious source IP: 185.199.110.133
Malicious source IP: 185.199.110.133
Malicious destination IP: 185.199.110.133
Malicious destination IP: 185.199.110.133
Malicious source IP: 185.199.110.133
Malicious destination IP: 199.232.210.172
Malicious source IP: 199.232.210.172
Malicious destination IP: 185.199.110.133
Malicious source IP: 185.199.110.133
